// Jest Snapshot v1, https://goo.gl/fbAQLP

exports[`TabOverview is rendered correctly 1`] = `
Array [
  <div
    className="movie-rating"
  >
    <div
      className="movie-rating__score"
    >
      5
    </div>
    <p
      className="movie-rating__meta"
    >
      <span
        className="movie-rating__level"
      >
        Bad
      </span>
      <span
        className="movie-rating__count"
      >
        783
         ratings
      </span>
    </p>
  </div>,
  <div
    className="movie-card__text"
  >
    <p>
      Mauris interdum dolor a convallis pharetra. Fusce porttitor dictum mi, id tincidunt ligula lobortis eu. Integer commodo enim eget ullamcorper faucibus. Lorem ipsum dolor sit amet, consectetur adipiscing elit. Integer commodo enim eget ullamcorper faucibus. Lorem ipsum dolor sit amet, consectetur adipiscing elit. 
    </p>
    <p
      className="movie-card__director"
    >
      <strong>
        Director: 
        Christopher Nolan
      </strong>
    </p>
    <p
      className="movie-card__starring"
    >
      <strong>
        Starring: 
        Quentin Tarantino, David Fincher
         
        
      </strong>
    </p>
  </div>,
]
`;
