// Jest Snapshot v1, https://goo.gl/fbAQLP

exports[`ListOfFilmsLikeThis is rendered correctly 1`] = `
<section
  className="catalog catalog--like-this"
>
  <h2
    className="catalog__title"
  >
    More like this
  </h2>
  <div
    className="catalog__movies-list"
  >
    <article
      className="small-movie-card catalog__movies-card"
      onMouseEnter={[Function]}
      onMouseLeave={[Function]}
    >
      <div
        className="small-movie-card__image"
      >
        <video
          className="player__video"
          muted={true}
        />
      </div>
      <h3
        className="small-movie-card__title"
      >
        <a
          className="small-movie-card__link"
          href="movie-page.html"
          onClick={[Function]}
        >
          Macbeth
        </a>
      </h3>
    </article>
  </div>
</section>
`;
